1765629802.993132 client started (685132): version 3.6a, socket /tmp/tmux-1000/default, protocol 8
1765629802.993150 on Linux 6.17.9-zen1-1-zen #1 ZEN SMP PREEMPT_DYNAMIC Mon, 24 Nov 2025 15:21:16 +0000
1765629802.993153 using libevent 2.1.12-stable poll
1765629802.993155 using ncurses 6.5 20240427
1765629802.993176 flags are 0x18010000
1765629802.993184 socket is /tmp/tmux-1000/default
1765629802.993195 trying connect
1765629802.993220 add peer 0x55a2b97c0890: 6 ((nil))
1765629802.993536 sending message 111 to peer 0x55a2b97c0890 (8 bytes)
1765629802.993543 sending message 111 to peer 0x55a2b97c0890 (8 bytes)
1765629802.993546 sending message 101 to peer 0x55a2b97c0890 (12 bytes)
1765629802.993550 sending message 109 to peer 0x55a2b97c0890 (4 bytes)
1765629802.993553 sending message 102 to peer 0x55a2b97c0890 (11 bytes)
1765629802.993556 sending message 108 to peer 0x55a2b97c0890 (24 bytes)
1765629802.993560 sending message 112 to peer 0x55a2b97c0890 (70 bytes)
1765629802.993563 sending message 112 to peer 0x55a2b97c0890 (5 bytes)
1765629802.993567 sending message 112 to peer 0x55a2b97c0890 (6 bytes)
1765629802.993570 sending message 112 to peer 0x55a2b97c0890 (6 bytes)
1765629802.993573 sending message 112 to peer 0x55a2b97c0890 (10 bytes)
1765629802.993577 sending message 112 to peer 0x55a2b97c0890 (13 bytes)
1765629802.993580 sending message 112 to peer 0x55a2b97c0890 (14 bytes)
1765629802.993583 sending message 112 to peer 0x55a2b97c0890 (19 bytes)
1765629802.993586 sending message 112 to peer 0x55a2b97c0890 (11 bytes)
1765629802.993627 sending message 112 to peer 0x55a2b97c0890 (10 bytes)
1765629802.993630 sending message 112 to peer 0x55a2b97c0890 (15 bytes)
1765629802.993632 sending message 112 to peer 0x55a2b97c0890 (21 bytes)
1765629802.993634 sending message 112 to peer 0x55a2b97c0890 (13 bytes)
1765629802.993636 sending message 112 to peer 0x55a2b97c0890 (7 bytes)
1765629802.993638 sending message 112 to peer 0x55a2b97c0890 (13 bytes)
1765629802.993640 sending message 112 to peer 0x55a2b97c0890 (7 bytes)
1765629802.993642 sending message 112 to peer 0x55a2b97c0890 (13 bytes)
1765629802.993644 sending message 112 to peer 0x55a2b97c0890 (9 bytes)
1765629802.993646 sending message 112 to peer 0x55a2b97c0890 (21 bytes)
1765629802.993648 sending message 112 to peer 0x55a2b97c0890 (13 bytes)
1765629802.993650 sending message 112 to peer 0x55a2b97c0890 (9 bytes)
1765629802.993652 sending message 112 to peer 0x55a2b97c0890 (16 bytes)
1765629802.993654 sending message 112 to peer 0x55a2b97c0890 (13 bytes)
1765629802.993656 sending message 112 to peer 0x55a2b97c0890 (9 bytes)
1765629802.993658 sending message 112 to peer 0x55a2b97c0890 (9 bytes)
1765629802.993659 sending message 112 to peer 0x55a2b97c0890 (12 bytes)
1765629802.993661 sending message 112 to peer 0x55a2b97c0890 (8 bytes)
1765629802.993663 sending message 112 to peer 0x55a2b97c0890 (13 bytes)
1765629802.993665 sending message 112 to peer 0x55a2b97c0890 (7 bytes)
1765629802.993667 sending message 112 to peer 0x55a2b97c0890 (7 bytes)
1765629802.993669 sending message 112 to peer 0x55a2b97c0890 (9 bytes)
1765629802.993671 sending message 112 to peer 0x55a2b97c0890 (6 bytes)
1765629802.993673 sending message 112 to peer 0x55a2b97c0890 (9 bytes)
1765629802.993675 sending message 112 to peer 0x55a2b97c0890 (15 bytes)
1765629802.993677 sending message 112 to peer 0x55a2b97c0890 (13 bytes)
1765629802.993679 sending message 112 to peer 0x55a2b97c0890 (12 bytes)
1765629802.993681 sending message 112 to peer 0x55a2b97c0890 (8 bytes)
1765629802.993683 sending message 112 to peer 0x55a2b97c0890 (14 bytes)
1765629802.993685 sending message 112 to peer 0x55a2b97c0890 (9 bytes)
1765629802.993686 sending message 112 to peer 0x55a2b97c0890 (10 bytes)
1765629802.993688 sending message 112 to peer 0x55a2b97c0890 (10 bytes)
1765629802.993690 sending message 112 to peer 0x55a2b97c0890 (10 bytes)
1765629802.993692 sending message 112 to peer 0x55a2b97c0890 (10 bytes)
1765629802.993694 sending message 112 to peer 0x55a2b97c0890 (11 bytes)
1765629802.993696 sending message 112 to peer 0x55a2b97c0890 (12 bytes)
1765629802.993703 sending message 112 to peer 0x55a2b97c0890 (12 bytes)
1765629802.993705 sending message 112 to peer 0x55a2b97c0890 (12 bytes)
1765629802.993707 sending message 112 to peer 0x55a2b97c0890 (12 bytes)
1765629802.993709 sending message 112 to peer 0x55a2b97c0890 (12 bytes)
1765629802.993711 sending message 112 to peer 0x55a2b97c0890 (11 bytes)
1765629802.993713 sending message 112 to peer 0x55a2b97c0890 (11 bytes)
1765629802.993715 sending message 112 to peer 0x55a2b97c0890 (12 bytes)
1765629802.993717 sending message 112 to peer 0x55a2b97c0890 (12 bytes)
1765629802.993719 sending message 112 to peer 0x55a2b97c0890 (12 bytes)
1765629802.993721 sending message 112 to peer 0x55a2b97c0890 (12 bytes)
1765629802.993723 sending message 112 to peer 0x55a2b97c0890 (12 bytes)
1765629802.993725 sending message 112 to peer 0x55a2b97c0890 (9 bytes)
1765629802.993727 sending message 112 to peer 0x55a2b97c0890 (12 bytes)
1765629802.993729 sending message 112 to peer 0x55a2b97c0890 (13 bytes)
1765629802.993731 sending message 112 to peer 0x55a2b97c0890 (13 bytes)
1765629802.993733 sending message 112 to peer 0x55a2b97c0890 (13 bytes)
1765629802.993735 sending message 112 to peer 0x55a2b97c0890 (13 bytes)
1765629802.993737 sending message 112 to peer 0x55a2b97c0890 (13 bytes)
1765629802.993739 sending message 112 to peer 0x55a2b97c0890 (8 bytes)
1765629802.993741 sending message 112 to peer 0x55a2b97c0890 (11 bytes)
1765629802.993743 sending message 112 to peer 0x55a2b97c0890 (11 bytes)
1765629802.993745 sending message 112 to peer 0x55a2b97c0890 (11 bytes)
1765629802.993747 sending message 112 to peer 0x55a2b97c0890 (12 bytes)
1765629802.993749 sending message 112 to peer 0x55a2b97c0890 (12 bytes)
1765629802.993752 sending message 112 to peer 0x55a2b97c0890 (13 bytes)
1765629802.993754 sending message 112 to peer 0x55a2b97c0890 (12 bytes)
1765629802.993756 sending message 112 to peer 0x55a2b97c0890 (13 bytes)
1765629802.993758 sending message 112 to peer 0x55a2b97c0890 (13 bytes)
1765629802.993760 sending message 112 to peer 0x55a2b97c0890 (13 bytes)
1765629802.993762 sending message 112 to peer 0x55a2b97c0890 (8 bytes)
1765629802.993764 sending message 112 to peer 0x55a2b97c0890 (13 bytes)
1765629802.993766 sending message 112 to peer 0x55a2b97c0890 (13 bytes)
1765629802.993768 sending message 112 to peer 0x55a2b97c0890 (13 bytes)
1765629802.993772 sending message 112 to peer 0x55a2b97c0890 (13 bytes)
1765629802.993774 sending message 112 to peer 0x55a2b97c0890 (13 bytes)
1765629802.993776 sending message 112 to peer 0x55a2b97c0890 (12 bytes)
1765629802.993778 sending message 112 to peer 0x55a2b97c0890 (12 bytes)
1765629802.993780 sending message 112 to peer 0x55a2b97c0890 (13 bytes)
1765629802.993781 sending message 112 to peer 0x55a2b97c0890 (12 bytes)
1765629802.993783 sending message 112 to peer 0x55a2b97c0890 (13 bytes)
1765629802.993786 sending message 112 to peer 0x55a2b97c0890 (8 bytes)
1765629802.993790 sending message 112 to peer 0x55a2b97c0890 (13 bytes)
1765629802.993794 sending message 112 to peer 0x55a2b97c0890 (13 bytes)
1765629802.993799 sending message 112 to peer 0x55a2b97c0890 (13 bytes)
1765629802.993803 sending message 112 to peer 0x55a2b97c0890 (13 bytes)
1765629802.993807 sending message 112 to peer 0x55a2b97c0890 (13 bytes)
1765629802.993812 sending message 112 to peer 0x55a2b97c0890 (13 bytes)
1765629802.993817 sending message 112 to peer 0x55a2b97c0890 (13 bytes)
1765629802.993821 sending message 112 to peer 0x55a2b97c0890 (12 bytes)
1765629802.993825 sending message 112 to peer 0x55a2b97c0890 (12 bytes)
1765629802.993827 sending message 112 to peer 0x55a2b97c0890 (13 bytes)
1765629802.993831 sending message 112 to peer 0x55a2b97c0890 (8 bytes)
1765629802.993835 sending message 112 to peer 0x55a2b97c0890 (12 bytes)
1765629802.993840 sending message 112 to peer 0x55a2b97c0890 (13 bytes)
1765629802.993844 sending message 112 to peer 0x55a2b97c0890 (13 bytes)
1765629802.993848 sending message 112 to peer 0x55a2b97c0890 (13 bytes)
1765629802.993852 sending message 112 to peer 0x55a2b97c0890 (13 bytes)
1765629802.993860 sending message 112 to peer 0x55a2b97c0890 (13 bytes)
1765629802.993863 sending message 112 to peer 0x55a2b97c0890 (13 bytes)
1765629802.993866 sending message 112 to peer 0x55a2b97c0890 (13 bytes)
1765629802.993870 sending message 112 to peer 0x55a2b97c0890 (13 bytes)
1765629802.993873 sending message 112 to peer 0x55a2b97c0890 (12 bytes)
1765629802.993877 sending message 112 to peer 0x55a2b97c0890 (10 bytes)
1765629802.993880 sending message 112 to peer 0x55a2b97c0890 (12 bytes)
1765629802.993884 sending message 112 to peer 0x55a2b97c0890 (13 bytes)
1765629802.993887 sending message 112 to peer 0x55a2b97c0890 (12 bytes)
1765629802.993891 sending message 112 to peer 0x55a2b97c0890 (13 bytes)
1765629802.993894 sending message 112 to peer 0x55a2b97c0890 (13 bytes)
1765629802.993897 sending message 112 to peer 0x55a2b97c0890 (13 bytes)
1765629802.993901 sending message 112 to peer 0x55a2b97c0890 (13 bytes)
1765629802.993904 sending message 112 to peer 0x55a2b97c0890 (13 bytes)
1765629802.993907 sending message 112 to peer 0x55a2b97c0890 (13 bytes)
1765629802.993911 sending message 112 to peer 0x55a2b97c0890 (13 bytes)
1765629802.993914 sending message 112 to peer 0x55a2b97c0890 (10 bytes)
1765629802.993918 sending message 112 to peer 0x55a2b97c0890 (13 bytes)
1765629802.993923 sending message 112 to peer 0x55a2b97c0890 (12 bytes)
1765629802.993927 sending message 112 to peer 0x55a2b97c0890 (12 bytes)
1765629802.993931 sending message 112 to peer 0x55a2b97c0890 (13 bytes)
1765629802.993935 sending message 112 to peer 0x55a2b97c0890 (10 bytes)
1765629802.993939 sending message 112 to peer 0x55a2b97c0890 (10 bytes)
1765629802.993942 sending message 112 to peer 0x55a2b97c0890 (10 bytes)
1765629802.993946 sending message 112 to peer 0x55a2b97c0890 (12 bytes)
1765629802.993950 sending message 112 to peer 0x55a2b97c0890 (13 bytes)
1765629802.993953 sending message 112 to peer 0x55a2b97c0890 (13 bytes)
1765629802.993956 sending message 112 to peer 0x55a2b97c0890 (13 bytes)
1765629802.993959 sending message 112 to peer 0x55a2b97c0890 (13 bytes)
1765629802.993963 sending message 112 to peer 0x55a2b97c0890 (13 bytes)
1765629802.993966 sending message 112 to peer 0x55a2b97c0890 (10 bytes)
1765629802.993969 sending message 112 to peer 0x55a2b97c0890 (11 bytes)
1765629802.993973 sending message 112 to peer 0x55a2b97c0890 (12 bytes)
1765629802.993978 sending message 112 to peer 0x55a2b97c0890 (12 bytes)
1765629802.993982 sending message 112 to peer 0x55a2b97c0890 (12 bytes)
1765629802.993986 sending message 112 to peer 0x55a2b97c0890 (12 bytes)
1765629802.993990 sending message 112 to peer 0x55a2b97c0890 (12 bytes)
1765629802.993994 sending message 112 to peer 0x55a2b97c0890 (11 bytes)
1765629802.993997 sending message 112 to peer 0x55a2b97c0890 (12 bytes)
1765629802.994000 sending message 112 to peer 0x55a2b97c0890 (12 bytes)
1765629802.994004 sending message 112 to peer 0x55a2b97c0890 (13 bytes)
1765629802.994007 sending message 112 to peer 0x55a2b97c0890 (13 bytes)
1765629802.994011 sending message 112 to peer 0x55a2b97c0890 (13 bytes)
1765629802.994015 sending message 112 to peer 0x55a2b97c0890 (13 bytes)
1765629802.994020 sending message 112 to peer 0x55a2b97c0890 (13 bytes)
1765629802.994023 sending message 112 to peer 0x55a2b97c0890 (10 bytes)
1765629802.994026 sending message 112 to peer 0x55a2b97c0890 (9 bytes)
1765629802.994030 sending message 112 to peer 0x55a2b97c0890 (12 bytes)
1765629802.994033 sending message 112 to peer 0x55a2b97c0890 (13 bytes)
1765629802.994037 sending message 112 to peer 0x55a2b97c0890 (13 bytes)
1765629802.994040 sending message 112 to peer 0x55a2b97c0890 (13 bytes)
1765629802.994043 sending message 112 to peer 0x55a2b97c0890 (13 bytes)
1765629802.994046 sending message 112 to peer 0x55a2b97c0890 (13 bytes)
1765629802.994050 sending message 112 to peer 0x55a2b97c0890 (9 bytes)
1765629802.994053 sending message 112 to peer 0x55a2b97c0890 (12 bytes)
1765629802.994056 sending message 112 to peer 0x55a2b97c0890 (13 bytes)
1765629802.994060 sending message 112 to peer 0x55a2b97c0890 (13 bytes)
1765629802.994066 sending message 112 to peer 0x55a2b97c0890 (13 bytes)
1765629802.994071 sending message 112 to peer 0x55a2b97c0890 (13 bytes)
1765629802.994074 sending message 112 to peer 0x55a2b97c0890 (13 bytes)
1765629802.994078 sending message 112 to peer 0x55a2b97c0890 (11 bytes)
1765629802.994081 sending message 112 to peer 0x55a2b97c0890 (12 bytes)
1765629802.994084 sending message 112 to peer 0x55a2b97c0890 (13 bytes)
1765629802.994087 sending message 112 to peer 0x55a2b97c0890 (13 bytes)
1765629802.994090 sending message 112 to peer 0x55a2b97c0890 (13 bytes)
1765629802.994094 sending message 112 to peer 0x55a2b97c0890 (13 bytes)
1765629802.994097 sending message 112 to peer 0x55a2b97c0890 (13 bytes)
1765629802.994101 sending message 112 to peer 0x55a2b97c0890 (11 bytes)
1765629802.994104 sending message 112 to peer 0x55a2b97c0890 (12 bytes)
1765629802.994109 sending message 112 to peer 0x55a2b97c0890 (12 bytes)
1765629802.994112 sending message 112 to peer 0x55a2b97c0890 (12 bytes)
1765629802.994115 sending message 112 to peer 0x55a2b97c0890 (12 bytes)
1765629802.994118 sending message 112 to peer 0x55a2b97c0890 (12 bytes)
1765629802.994121 sending message 112 to peer 0x55a2b97c0890 (22 bytes)
1765629802.994125 sending message 112 to peer 0x55a2b97c0890 (12 bytes)
1765629802.994129 sending message 112 to peer 0x55a2b97c0890 (9 bytes)
1765629802.994132 sending message 112 to peer 0x55a2b97c0890 (6 bytes)
1765629802.994136 sending message 112 to peer 0x55a2b97c0890 (13 bytes)
1765629802.994140 sending message 112 to peer 0x55a2b97c0890 (10 bytes)
1765629802.994143 sending message 112 to peer 0x55a2b97c0890 (15 bytes)
1765629802.994147 sending message 112 to peer 0x55a2b97c0890 (11 bytes)
1765629802.994151 sending message 112 to peer 0x55a2b97c0890 (9 bytes)
1765629802.994154 sending message 112 to peer 0x55a2b97c0890 (70 bytes)
1765629802.994158 sending message 112 to peer 0x55a2b97c0890 (69 bytes)
1765629802.994162 sending message 112 to peer 0x55a2b97c0890 (34 bytes)
1765629802.994166 sending message 112 to peer 0x55a2b97c0890 (34 bytes)
1765629802.994169 sending message 112 to peer 0x55a2b97c0890 (69 bytes)
1765629802.994173 sending message 112 to peer 0x55a2b97c0890 (12 bytes)
1765629802.994177 sending message 112 to peer 0x55a2b97c0890 (10 bytes)
1765629802.994180 sending message 112 to peer 0x55a2b97c0890 (10 bytes)
1765629802.994184 sending message 112 to peer 0x55a2b97c0890 (15 bytes)
1765629802.994188 sending message 112 to peer 0x55a2b97c0890 (11 bytes)
1765629802.994191 sending message 112 to peer 0x55a2b97c0890 (10 bytes)
1765629802.994195 sending message 112 to peer 0x55a2b97c0890 (10 bytes)
1765629802.994200 sending message 112 to peer 0x55a2b97c0890 (17 bytes)
1765629802.994204 sending message 112 to peer 0x55a2b97c0890 (10 bytes)
1765629802.994208 sending message 112 to peer 0x55a2b97c0890 (13 bytes)
1765629802.994212 sending message 112 to peer 0x55a2b97c0890 (17 bytes)
1765629802.994217 sending message 112 to peer 0x55a2b97c0890 (5 bytes)
1765629802.994221 sending message 112 to peer 0x55a2b97c0890 (9 bytes)
1765629802.994226 sending message 112 to peer 0x55a2b97c0890 (15 bytes)
1765629802.994231 sending message 104 to peer 0x55a2b97c0890 (0 bytes)
1765629802.994237 sending message 110 to peer 0x55a2b97c0890 (0 bytes)
1765629802.994242 sending message 107 to peer 0x55a2b97c0890 (4 bytes)
1765629802.994247 sending message 105 to peer 0x55a2b97c0890 (15 bytes)
1765629802.994251 sending message 105 to peer 0x55a2b97c0890 (68 bytes)
1765629802.994255 sending message 105 to peer 0x55a2b97c0890 (70 bytes)
1765629802.994260 sending message 105 to peer 0x55a2b97c0890 (45 bytes)
1765629802.994264 sending message 105 to peer 0x55a2b97c0890 (16 bytes)
1765629802.994269 sending message 105 to peer 0x55a2b97c0890 (84 bytes)
1765629802.994273 sending message 105 to peer 0x55a2b97c0890 (51 bytes)
1765629802.994277 sending message 105 to peer 0x55a2b97c0890 (54 bytes)
1765629802.994282 sending message 105 to peer 0x55a2b97c0890 (16 bytes)
1765629802.994286 sending message 105 to peer 0x55a2b97c0890 (64 bytes)
1765629802.994294 sending message 105 to peer 0x55a2b97c0890 (15 bytes)
1765629802.994298 sending message 105 to peer 0x55a2b97c0890 (28 bytes)
1765629802.994303 sending message 105 to peer 0x55a2b97c0890 (25 bytes)
1765629802.994307 sending message 105 to peer 0x55a2b97c0890 (12 bytes)
1765629802.994311 sending message 105 to peer 0x55a2b97c0890 (25 bytes)
1765629802.994315 sending message 105 to peer 0x55a2b97c0890 (56 bytes)
1765629802.994320 sending message 105 to peer 0x55a2b97c0890 (21 bytes)
1765629802.994324 sending message 105 to peer 0x55a2b97c0890 (17 bytes)
1765629802.994329 sending message 105 to peer 0x55a2b97c0890 (52 bytes)
1765629802.994333 sending message 105 to peer 0x55a2b97c0890 (70 bytes)
1765629802.994337 sending message 105 to peer 0x55a2b97c0890 (15 bytes)
1765629802.994342 sending message 105 to peer 0x55a2b97c0890 (15 bytes)
1765629802.994347 sending message 105 to peer 0x55a2b97c0890 (17 bytes)
1765629802.994350 sending message 105 to peer 0x55a2b97c0890 (33 bytes)
1765629802.994354 sending message 105 to peer 0x55a2b97c0890 (77 bytes)
1765629802.994357 sending message 105 to peer 0x55a2b97c0890 (47 bytes)
1765629802.994360 sending message 105 to peer 0x55a2b97c0890 (26 bytes)
1765629802.994364 sending message 105 to peer 0x55a2b97c0890 (47 bytes)
1765629802.994367 sending message 105 to peer 0x55a2b97c0890 (62 bytes)
1765629802.994371 sending message 105 to peer 0x55a2b97c0890 (23 bytes)
1765629802.994374 sending message 105 to peer 0x55a2b97c0890 (69 bytes)
1765629802.994378 sending message 105 to peer 0x55a2b97c0890 (57 bytes)
1765629802.994381 sending message 105 to peer 0x55a2b97c0890 (23 bytes)
1765629802.994384 sending message 105 to peer 0x55a2b97c0890 (17 bytes)
1765629802.994388 sending message 105 to peer 0x55a2b97c0890 (9 bytes)
1765629802.994391 sending message 105 to peer 0x55a2b97c0890 (66 bytes)
1765629802.994394 sending message 105 to peer 0x55a2b97c0890 (64 bytes)
1765629802.994398 sending message 105 to peer 0x55a2b97c0890 (11 bytes)
1765629802.994401 sending message 105 to peer 0x55a2b97c0890 (62 bytes)
1765629802.994404 sending message 105 to peer 0x55a2b97c0890 (8 bytes)
1765629802.994408 sending message 105 to peer 0x55a2b97c0890 (11 bytes)
1765629802.994411 sending message 105 to peer 0x55a2b97c0890 (64 bytes)
1765629802.994414 sending message 105 to peer 0x55a2b97c0890 (54 bytes)
1765629802.994418 sending message 105 to peer 0x55a2b97c0890 (18 bytes)
1765629802.994421 sending message 105 to peer 0x55a2b97c0890 (13 bytes)
1765629802.994424 sending message 105 to peer 0x55a2b97c0890 (31 bytes)
1765629802.994428 sending message 105 to peer 0x55a2b97c0890 (50 bytes)
1765629802.994431 sending message 105 to peer 0x55a2b97c0890 (57 bytes)
1765629802.994434 sending message 105 to peer 0x55a2b97c0890 (13 bytes)
1765629802.994438 sending message 105 to peer 0x55a2b97c0890 (120 bytes)
1765629802.994441 sending message 105 to peer 0x55a2b97c0890 (199 bytes)
1765629802.994445 sending message 105 to peer 0x55a2b97c0890 (62 bytes)
1765629802.994448 sending message 105 to peer 0x55a2b97c0890 (54 bytes)
1765629802.994451 sending message 105 to peer 0x55a2b97c0890 (25 bytes)
1765629802.994455 sending message 105 to peer 0x55a2b97c0890 (71 bytes)
1765629802.994458 sending message 105 to peer 0x55a2b97c0890 (25 bytes)
1765629802.994461 sending message 105 to peer 0x55a2b97c0890 (18 bytes)
1765629802.994465 sending message 105 to peer 0x55a2b97c0890 (20 bytes)
1765629802.994468 sending message 105 to peer 0x55a2b97c0890 (16 bytes)
1765629802.994471 sending message 105 to peer 0x55a2b97c0890 (60 bytes)
1765629802.994475 sending message 105 to peer 0x55a2b97c0890 (33 bytes)
1765629802.994478 sending message 105 to peer 0x55a2b97c0890 (38 bytes)
1765629802.994482 sending message 105 to peer 0x55a2b97c0890 (30 bytes)
1765629802.994485 sending message 105 to peer 0x55a2b97c0890 (12 bytes)
1765629802.994490 sending message 105 to peer 0x55a2b97c0890 (17 bytes)
1765629802.994494 sending message 105 to peer 0x55a2b97c0890 (25 bytes)
1765629802.994498 sending message 105 to peer 0x55a2b97c0890 (11 bytes)
1765629802.994505 sending message 105 to peer 0x55a2b97c0890 (8 bytes)
1765629802.994508 sending message 105 to peer 0x55a2b97c0890 (32 bytes)
1765629802.994513 sending message 105 to peer 0x55a2b97c0890 (1917 bytes)
1765629802.994545 sending message 106 to peer 0x55a2b97c0890 (0 bytes)
1765629802.994607 sending message 200 to peer 0x55a2b97c0890 (4 bytes)
1765629802.994616 client loop enter
1765629802.997186 peer 0x55a2b97c0890 message 207
1765629802.997205 sending message 208 to peer 0x55a2b97c0890 (0 bytes)
1765629804.525661 client_signal: Hangup
1765629804.525672 sending message 205 to peer 0x55a2b97c0890 (0 bytes)
1765629804.525864 client loop exit
